▿ Node
  ▿ el: (3 elements)
    - .0: "html"
    ▿ .1: 1 element
      ▿ Attribute
        - key: "lang"
        - value: "en"
    ▿ .2: 2 elements
      ▿ Node
        ▿ el: (3 elements)
          - .0: "head"
          - .1: 0 elements
          ▿ .2: 4 elements
            ▿ Node
              ▿ el: (3 elements)
                - .0: "meta"
                ▿ .1: 1 element
                  ▿ Attribute
                    - key: "charset"
                    - value: "utf-8"
                - .2: 0 elements
            ▿ Node
              ▿ el: (3 elements)
                - .0: "meta"
                ▿ .1: 2 elements
                  ▿ Attribute
                    - key: "name"
                    - value: "viewport"
                  ▿ Attribute
                    - key: "content"
                    - value: "width=device-width, initial-scale=1, shrink-to-fit=no"
                - .2: 0 elements
            ▿ Node
              ▿ el: (3 elements)
                - .0: "link"
                ▿ .1: 4 elements
                  ▿ Attribute
                    - key: "rel"
                    - value: "stylesheet"
                  ▿ Attribute
                    - key: "href"
                    - value: "https://stackpath.bootstrapcdn.com/bootstrap/4.1.3/css/bootstrap.min.css"
                  ▿ Attribute
                    - key: "integrity"
                    - value: "sha384-MCw98/SFnGE8fJT3GXwEOngsV7Zt27NXFoaoApmYm81iuXoPkFOJwJ8ERdknLPMO"
                  ▿ Attribute
                    - key: "crossorigin"
                    - value: "anonymous"
                - .2: 0 elements
            ▿ Node
              ▿ el: (3 elements)
                - .0: "title"
                - .1: 0 elements
                ▿ .2: 1 element
                  ▿ Node
                    - text: "Hello World"
      ▿ Node
        ▿ el: (3 elements)
          - .0: "body"
          - .1: 0 elements
          ▿ .2: 2 elements
            ▿ Node
              ▿ el: (3 elements)
                - .0: "h1"
                - .1: 0 elements
                ▿ .2: 1 element
                  ▿ Node
                    - text: "Hello World"
            ▿ Node
              ▿ el: (3 elements)
                - .0: "p"
                - .1: 0 elements
                ▿ .2: 1 element
                  ▿ Node
                    - text: "FSHtml is a Swift DSL to generate HTML for use in server side swift projects - or anywhere you want to write type checked HTML."
